Using pre-set license
Built from '6000.0/staging' branch; Version is '6000.0.40f1 (157d81624ddf) revision 1408385'; Using compiler version '193933523'; Build Type 'Release'
OS: 'Windows 10  (10.0.19045) 64bit Professional' Language: 'es' Physical Memory: 65402 MB
BatchMode: 1, IsHumanControllingUs: 0, StartBugReporterOnCrash: 0, Is64bit: 1, IsPro: 1

COMMAND LINE ARGUMENTS:
C:\Program Files\Unity\Hub\Editor\6000.0.40f1\Editor\Unity.exe
-adb2
-batchMode
-noUpm
-name
AssetImportWorker1
-projectPath
C:/TimeEscapeVR/TimeEscapeVR
-logFile
Logs/AssetImportWorker1.log
-srvPort
54475
-job-worker-count
7
-background-job-worker-count
8
-gc-helper-count
1
Successfully changed project path to: C:/TimeEscapeVR/TimeEscapeVR
C:/TimeEscapeVR/TimeEscapeVR
[UnityMemory] Configuration Parameters - Can be set up in boot.config
    "memorysetup-bucket-allocator-granularity=16"
    "memorysetup-bucket-allocator-bucket-count=8"
    "memorysetup-bucket-allocator-block-size=33554432"
    "memorysetup-bucket-allocator-block-count=8"
    "memorysetup-main-allocator-block-size=16777216"
    "memorysetup-thread-allocator-block-size=16777216"
    "memorysetup-gfx-main-allocator-block-size=16777216"
    "memorysetup-gfx-thread-allocator-block-size=16777216"
    "memorysetup-cache-allocator-block-size=4194304"
    "memorysetup-typetree-allocator-block-size=2097152"
    "memorysetup-profiler-bucket-allocator-granularity=16"
    "memorysetup-profiler-bucket-allocator-bucket-count=8"
    "memorysetup-profiler-bucket-allocator-block-size=33554432"
    "memorysetup-profiler-bucket-allocator-block-count=8"
    "memorysetup-profiler-allocator-block-size=16777216"
    "memorysetup-profiler-editor-allocator-block-size=1048576"
    "memorysetup-temp-allocator-size-main=16777216"
    "memorysetup-job-temp-allocator-block-size=2097152"
    "memorysetup-job-temp-allocator-block-size-background=1048576"
    "memorysetup-job-temp-allocator-reduction-small-platforms=262144"
    "memorysetup-allocator-temp-initial-block-size-main=262144"
    "memorysetup-allocator-temp-initial-block-size-worker=262144"
    "memorysetup-temp-allocator-size-background-worker=32768"
    "memorysetup-temp-allocator-size-job-worker=262144"
    "memorysetup-temp-allocator-size-preload-manager=33554432"
    "memorysetup-temp-allocator-size-nav-mesh-worker=65536"
    "memorysetup-temp-allocator-size-audio-worker=65536"
    "memorysetup-temp-allocator-size-cloud-worker=32768"
    "memorysetup-temp-allocator-size-gi-baking-worker=262144"
    "memorysetup-temp-allocator-size-gi-baking-worker=262144"
    "memorysetup-temp-allocator-size-gi-baking-worker=262144"
    "memorysetup-temp-allocator-size-gi-baking-worker=262144"
    "memorysetup-temp-allocator-size-gi-baking-worker=262144"
    "memorysetup-temp-allocator-size-gfx=262144"
Player connection [2556]  Target information:

Player connection [2556]  * "[IP] 192.168.20.32 [Port] 0 [Flags] 2 [Guid] 1329159302 [EditorId] 1329159302 [Version] 1048832 [Id] WindowsEditor(7,DESKTOP-QTL9INO) [Debug] 1 [PackageName] WindowsEditor [ProjectName] Editor" 

Player connection [2556] Host joined multi-casting on [225.0.0.222:54997]...
Player connection [2556] Host joined alternative multi-casting on [225.0.0.222:34997]...
JobSystem: Creating JobQueue using job-worker-count value 7
Input System module state changed to: Initialized.
[Physics::Module] Initialized fallback backend.
[Physics::Module] Id: 0xdecafbad
Library Redirect Path: Library/
[Physics::Module] Selected backend.
[Physics::Module] Name: PhysX
[Physics::Module] Id: 0xf2b8ea05
[Physics::Module] SDK Version: 4.1.2
[Physics::Module] Integration Version: 1.0.0
[Physics::Module] Threading Mode: Multi-Threaded
Refreshing native plugins compatible for Editor in 2.32 ms, found 3 plugins.
Preloading 0 native plugins for Editor in 0.00 ms.
Initialize engine version: 6000.0.40f1 (157d81624ddf)
[Subsystems] Discovering subsystems at path C:/Program Files/Unity/Hub/Editor/6000.0.40f1/Editor/Data/Resources/UnitySubsystems
[Subsystems] Discovering subsystems at path C:/TimeEscapeVR/TimeEscapeVR/Assets
GfxDevice: creating device client; kGfxThreadingModeNonThreaded
Direct3D:
    Version:  Direct3D 11.0 [level 11.1]
    Renderer: AMD Radeon RX 6600M (ID=0x73ff)
    Vendor:   ATI
    VRAM:     8147 MB
    Driver:   32.0.21013.1000
Initialize mono
Mono path[0] = 'C:/Program Files/Unity/Hub/Editor/6000.0.40f1/Editor/Data/Managed'
Mono path[1] = 'C:/Program Files/Unity/Hub/Editor/6000.0.40f1/Editor/Data/MonoBleedingEdge/lib/mono/unityjit-win32'
Mono config path = 'C:/Program Files/Unity/Hub/Editor/6000.0.40f1/Editor/Data/MonoBleedingEdge/etc'
Using monoOptions --debugger-agent=transport=dt_socket,embedding=1,server=y,suspend=n,address=127.0.0.1:56684
Begin MonoManager ReloadAssembly
Registering precompiled unity dll's ...
Register platform support module: C:/Program Files/Unity/Hub/Editor/6000.0.40f1/Editor/Data/PlaybackEngines/WebGLSupport/UnityEditor.WebGL.Extensions.dll
Register platform support module: C:/Program Files/Unity/Hub/Editor/6000.0.40f1/Editor/Data/PlaybackEngines/WindowsStandaloneSupport/UnityEditor.WindowsStandalone.Extensions.dll
Register platform support module: C:/Program Files/Unity/Hub/Editor/6000.0.40f1/Editor/Data/PlaybackEngines/AndroidPlayer/UnityEditor.Android.Extensions.dll
Registered in 0.005568 seconds.
- Loaded All Assemblies, in  0.361 seconds
Native extension for Android target not found
Android Extension - Scanning For ADB Devices 207 ms
Native extension for WindowsStandalone target not found
Native extension for WebGL target not found
Mono: successfully reloaded assembly
- Finished resetting the current domain, in  0.632 seconds
Domain Reload Profiling: 990ms
	BeginReloadAssembly (119ms)
		ExecutionOrderSort (0ms)
		DisableScriptedObjects (0ms)
		BackupInstance (0ms)
		ReleaseScriptingObjects (0ms)
		CreateAndSetChildDomain (1ms)
	RebuildCommonClasses (30ms)
	RebuildNativeTypeToScriptingClass (10ms)
	initialDomainReloadingComplete (47ms)
	LoadAllAssembliesAndSetupDomain (152ms)
		LoadAssemblies (117ms)
		RebuildTransferFunctionScriptingTraits (0ms)
		AnalyzeDomain (148ms)
			TypeCache.Refresh (147ms)
				TypeCache.ScanAssembly (134ms)
			BuildScriptInfoCaches (0ms)
			ResolveRequiredComponents (1ms)
	FinalizeReload (632ms)
		ReleaseScriptCaches (0ms)
		RebuildScriptCaches (0ms)
		SetupLoadedEditorAssemblies (580ms)
			LogAssemblyErrors (0ms)
			InitializePlatformSupportModulesInManaged (395ms)
			SetLoadedEditorAssemblies (3ms)
			BeforeProcessingInitializeOnLoad (40ms)
			ProcessInitializeOnLoadAttributes (95ms)
			ProcessInitializeOnLoadMethodAttributes (48ms)
			AfterProcessingInitializeOnLoad (0ms)
			EditorAssembliesLoaded (0ms)
		ExecutionOrderSort2 (0ms)
		AwakeInstancesAfterBackupRestoration (0ms)
========================================================================
Worker process is ready to serve import requests
Import Worker Mode flag is 0x00
Begin MonoManager ReloadAssembly
- Loaded All Assemblies, in  0.678 seconds
Refreshing native plugins compatible for Editor in 1.45 ms, found 3 plugins.
Native extension for Android target not found
Native extension for WindowsStandalone target not found
Native extension for WebGL target not found
Package Manager log level set to [2]
[Package Manager] Failed to launch server process. Reason: Unity was launched with the -noUpm command-line argument
[Package Manager] Unable to send message (not connected to server process).
[Package Manager] Cannot connect to Unity Package Manager local server
Mono: successfully reloaded assembly
[Package Manager] Failed to launch server process. Reason: Unity was launched with the -noUpm command-line argument
[Package Manager] Unable to send message (not connected to server process).
[Package Manager] Cannot connect to Unity Package Manager local server
[Package Manager] Failed to launch server process. Reason: Unity was launched with the -noUpm command-line argument
[Package Manager] Unable to send message (not connected to server process).
[Package Manager] Cannot connect to Unity Package Manager local server
- Finished resetting the current domain, in  0.621 seconds
Domain Reload Profiling: 1294ms
	BeginReloadAssembly (144ms)
		ExecutionOrderSort (0ms)
		DisableScriptedObjects (5ms)
		BackupInstance (0ms)
		ReleaseScriptingObjects (0ms)
		CreateAndSetChildDomain (24ms)
	RebuildCommonClasses (33ms)
	RebuildNativeTypeToScriptingClass (11ms)
	initialDomainReloadingComplete (36ms)
	LoadAllAssembliesAndSetupDomain (447ms)
		LoadAssemblies (322ms)
		RebuildTransferFunctionScriptingTraits (0ms)
		AnalyzeDomain (212ms)
			TypeCache.Refresh (161ms)
				TypeCache.ScanAssembly (147ms)
			BuildScriptInfoCaches (40ms)
			ResolveRequiredComponents (9ms)
	FinalizeReload (622ms)
		ReleaseScriptCaches (0ms)
		RebuildScriptCaches (0ms)
		SetupLoadedEditorAssemblies (490ms)
			LogAssemblyErrors (0ms)
			InitializePlatformSupportModulesInManaged (11ms)
			SetLoadedEditorAssemblies (3ms)
			BeforeProcessingInitializeOnLoad (95ms)
			ProcessInitializeOnLoadAttributes (309ms)
			ProcessInitializeOnLoadMethodAttributes (66ms)
			AfterProcessingInitializeOnLoad (6ms)
			EditorAssembliesLoaded (0ms)
		ExecutionOrderSort2 (0ms)
		AwakeInstancesAfterBackupRestoration (5ms)
Launched and connected shader compiler UnityShaderCompiler.exe after 0.01 seconds
Refreshing native plugins compatible for Editor in 1.60 ms, found 3 plugins.
Preloading 0 native plugins for Editor in 0.00 ms.
Unloading 208 Unused Serialized files (Serialized files now loaded: 0)
Unloading 6087 unused Assets / (6.7 MB). Loaded Objects now: 6771.
Memory consumption went from 167.3 MB to 160.6 MB.
Total: 7.395400 ms (FindLiveObjects: 0.510100 ms CreateObjectMapping: 0.540200 ms MarkObjects: 3.518300 ms  DeleteObjects: 2.826100 ms)

========================================================================
Received Import Request.
  Time since last request: 44577.909063 seconds.
  path: Assets/Scenes/EscenaBase.unity
  artifactKey: Guid(29d5626015b87ca4e87741019b049885) Importer(815301076,1909f56bfc062723c751e8b465ee728b)
Start importing Assets/Scenes/EscenaBase.unity using Guid(29d5626015b87ca4e87741019b049885) Importer(815301076,1909f56bfc062723c751e8b465ee728b) (PreviewImporter) -> (artifact id: 'cdda760378e1a6afcbdc89069b55d2c9') in 0.00652 seconds
Number of updated asset objects reloaded before import = 0Number of asset objects unloaded after import = 0

========================================================================
Received Import Request.
  Time since last request: 40.447048 seconds.
  path: Assets/Palmov Island/Low Poly Atmospheric Locations Pack/Prefabs/Houses/railway station.prefab
  artifactKey: Guid(e6c5a2bf49e7a57498df51805886b778) Importer(815301076,1909f56bfc062723c751e8b465ee728b)
Start importing Assets/Palmov Island/Low Poly Atmospheric Locations Pack/Prefabs/Houses/railway station.prefab using Guid(e6c5a2bf49e7a57498df51805886b778) Importer(815301076,1909f56bfc062723c751e8b465ee728b) (PreviewImporter) -> (artifact id: '37a9a1e84a1f0cd4033294878f5dd456') in 0.4309585 seconds
Number of updated asset objects reloaded before import = 0Number of asset objects unloaded after import = 11

========================================================================
Received Import Request.
  Time since last request: 7.060694 seconds.
  path: Assets/PolyAngel-Mini Pirates Island/Models/Cannon.fbx
  artifactKey: Guid(a5cc0941af93542ceb1e12b8afefbcc9) Importer(815301076,1909f56bfc062723c751e8b465ee728b)
Start importing Assets/PolyAngel-Mini Pirates Island/Models/Cannon.fbx using Guid(a5cc0941af93542ceb1e12b8afefbcc9) Importer(815301076,1909f56bfc062723c751e8b465ee728b) (PreviewImporter) -> (artifact id: '8769d52bca3dc4e6e27b17fa40775a34') in 0.1264308 seconds
Number of updated asset objects reloaded before import = 0Number of asset objects unloaded after import = 14

========================================================================
Received Import Request.
  Time since last request: 0.000021 seconds.
  path: Assets/PolyAngel-Mini Pirates Island/Models/Treasure chest 1.fbx
  artifactKey: Guid(e00f8f6d400624c0c8e44dc7fc8b4c2e) Importer(815301076,1909f56bfc062723c751e8b465ee728b)
Start importing Assets/PolyAngel-Mini Pirates Island/Models/Treasure chest 1.fbx using Guid(e00f8f6d400624c0c8e44dc7fc8b4c2e) Importer(815301076,1909f56bfc062723c751e8b465ee728b) (PreviewImporter) -> (artifact id: 'ee37f77962abc7d09ab8d5d2043b3eeb') in 0.0236766 seconds
Number of updated asset objects reloaded before import = 0Number of asset objects unloaded after import = 14

========================================================================
Received Import Request.
  Time since last request: 8.021577 seconds.
  path: Assets/PolyAngel-Mini Pirates Island/Prefabs/Cannon.prefab
  artifactKey: Guid(5021d026bca774b16baea56a7ded4def) Importer(815301076,1909f56bfc062723c751e8b465ee728b)
Start importing Assets/PolyAngel-Mini Pirates Island/Prefabs/Cannon.prefab using Guid(5021d026bca774b16baea56a7ded4def) Importer(815301076,1909f56bfc062723c751e8b465ee728b) (PreviewImporter) -> (artifact id: '5122ce9faf8efe95f0aff1d6e78b1f91') in 0.0361536 seconds
Number of updated asset objects reloaded before import = 0Number of asset objects unloaded after import = 16

========================================================================
Received Import Request.
  Time since last request: 0.000032 seconds.
  path: Assets/PolyAngel-Mini Pirates Island/Prefabs/Treasure chest Open.prefab
  artifactKey: Guid(d5a61c4d106d74c92abc7fc5d8da5f57) Importer(815301076,1909f56bfc062723c751e8b465ee728b)
Start importing Assets/PolyAngel-Mini Pirates Island/Prefabs/Treasure chest Open.prefab using Guid(d5a61c4d106d74c92abc7fc5d8da5f57) Importer(815301076,1909f56bfc062723c751e8b465ee728b) (PreviewImporter) -> (artifact id: '39d6d1704564d81d8cb73b4d5890881f') in 0.0340089 seconds
Number of updated asset objects reloaded before import = 0Number of asset objects unloaded after import = 16

========================================================================
Received Prepare
Begin MonoManager ReloadAssembly
- Loaded All Assemblies, in  0.822 seconds
Refreshing native plugins compatible for Editor in 1.36 ms, found 3 plugins.
Native extension for Android target not found
Native extension for WindowsStandalone target not found
Native extension for WebGL target not found
[Package Manager] Failed to launch server process. Reason: Unity was launched with the -noUpm command-line argument
[Package Manager] Unable to send message (not connected to server process).
[Package Manager] Cannot connect to Unity Package Manager local server
Mono: successfully reloaded assembly
[Package Manager] Failed to launch server process. Reason: Unity was launched with the -noUpm command-line argument
[Package Manager] Unable to send message (not connected to server process).
[Package Manager] Cannot connect to Unity Package Manager local server
- Finished resetting the current domain, in  0.672 seconds
Domain Reload Profiling: 1488ms
	BeginReloadAssembly (238ms)
		ExecutionOrderSort (0ms)
		DisableScriptedObjects (15ms)
		BackupInstance (0ms)
		ReleaseScriptingObjects (0ms)
		CreateAndSetChildDomain (63ms)
	RebuildCommonClasses (37ms)
	RebuildNativeTypeToScriptingClass (14ms)
	initialDomainReloadingComplete (62ms)
	LoadAllAssembliesAndSetupDomain (464ms)
		LoadAssemblies (390ms)
		RebuildTransferFunctionScriptingTraits (0ms)
		AnalyzeDomain (194ms)
			TypeCache.Refresh (8ms)
				TypeCache.ScanAssembly (0ms)
			BuildScriptInfoCaches (174ms)
			ResolveRequiredComponents (9ms)
	FinalizeReload (673ms)
		ReleaseScriptCaches (0ms)
		RebuildScriptCaches (0ms)
		SetupLoadedEditorAssemblies (448ms)
			LogAssemblyErrors (0ms)
			InitializePlatformSupportModulesInManaged (16ms)
			SetLoadedEditorAssemblies (5ms)
			BeforeProcessingInitializeOnLoad (96ms)
			ProcessInitializeOnLoadAttributes (275ms)
			ProcessInitializeOnLoadMethodAttributes (50ms)
			AfterProcessingInitializeOnLoad (6ms)
			EditorAssembliesLoaded (0ms)
		ExecutionOrderSort2 (0ms)
		AwakeInstancesAfterBackupRestoration (12ms)
Refreshing native plugins compatible for Editor in 1.58 ms, found 3 plugins.
Preloading 0 native plugins for Editor in 0.00 ms.
Unloading 37 Unused Serialized files (Serialized files now loaded: 0)
Unloading 6083 unused Assets / (6.6 MB). Loaded Objects now: 6825.
Memory consumption went from 164.5 MB to 157.9 MB.
Total: 6.787100 ms (FindLiveObjects: 0.482800 ms CreateObjectMapping: 0.442700 ms MarkObjects: 3.271000 ms  DeleteObjects: 2.589900 ms)

Prepare: number of updated asset objects reloaded= 0
========================================================================
Received Import Request.
  Time since last request: 161.142820 seconds.
  path: Assets/_DesertKits64_Sample/Materials/Desert_Sand_Sample256.mat
  artifactKey: Guid(eeefa710181736c4b9737b88c2c29069) Importer(815301076,1909f56bfc062723c751e8b465ee728b)
Start importing Assets/_DesertKits64_Sample/Materials/Desert_Sand_Sample256.mat using Guid(eeefa710181736c4b9737b88c2c29069) Importer(815301076,1909f56bfc062723c751e8b465ee728b) (PreviewImporter) -> (artifact id: '324b0ebf50743f4f2105537e59afcb28') in 1.6833908 seconds
Number of updated asset objects reloaded before import = 0Number of asset objects unloaded after import = 3

========================================================================
Received Import Request.
  Time since last request: 0.000036 seconds.
  path: Assets/_DesertKits64_Sample/Prefabs/Desert_Temple_SegmentSingle.prefab
  artifactKey: Guid(b667959c85aac0840abd65af9a3e1517) Importer(815301076,1909f56bfc062723c751e8b465ee728b)
Start importing Assets/_DesertKits64_Sample/Prefabs/Desert_Temple_SegmentSingle.prefab using Guid(b667959c85aac0840abd65af9a3e1517) Importer(815301076,1909f56bfc062723c751e8b465ee728b) (PreviewImporter) -> (artifact id: '44f702a5965bc95651a19ca4517ee028') in 0.0483825 seconds
Number of updated asset objects reloaded before import = 0Number of asset objects unloaded after import = 10

========================================================================
Received Import Request.
  Time since last request: 0.000027 seconds.
  path: Assets/_DesertKits64_Sample/Prefabs/Desert_Pyramid_Medium.prefab
  artifactKey: Guid(3e21f0d87380e8a4ab812ed8ecaf90be) Importer(815301076,1909f56bfc062723c751e8b465ee728b)
Start importing Assets/_DesertKits64_Sample/Prefabs/Desert_Pyramid_Medium.prefab using Guid(3e21f0d87380e8a4ab812ed8ecaf90be) Importer(815301076,1909f56bfc062723c751e8b465ee728b) (PreviewImporter) -> (artifact id: '5e2aef2fab5b92ea94b2895b1958f290') in 0.0208506 seconds
Number of updated asset objects reloaded before import = 0Number of asset objects unloaded after import = 10

========================================================================
Received Import Request.
  Time since last request: 0.000023 seconds.
  path: Assets/_DesertKits64_Sample/Prefabs/Ram_Sharp.prefab
  artifactKey: Guid(f159a1b75fe800545869a115d68acdcd) Importer(815301076,1909f56bfc062723c751e8b465ee728b)
Start importing Assets/_DesertKits64_Sample/Prefabs/Ram_Sharp.prefab using Guid(f159a1b75fe800545869a115d68acdcd) Importer(815301076,1909f56bfc062723c751e8b465ee728b) (PreviewImporter) -> (artifact id: '48035534464da3a78bafb56090181022') in 0.01869 seconds
Number of updated asset objects reloaded before import = 0Number of asset objects unloaded after import = 10

========================================================================
Received Import Request.
  Time since last request: 0.000022 seconds.
  path: Assets/_DesertKits64_Sample/Prefabs/ColumnSquare_Small1.prefab
  artifactKey: Guid(3d609541b623cc24a85fcc89ee9fa9e6) Importer(815301076,1909f56bfc062723c751e8b465ee728b)
Start importing Assets/_DesertKits64_Sample/Prefabs/ColumnSquare_Small1.prefab using Guid(3d609541b623cc24a85fcc89ee9fa9e6) Importer(815301076,1909f56bfc062723c751e8b465ee728b) (PreviewImporter) -> (artifact id: 'cdb29b9381842ee83db131c1b83d17a8') in 0.0361375 seconds
Number of updated asset objects reloaded before import = 0Number of asset objects unloaded after import = 10

========================================================================
Received Import Request.
  Time since last request: 0.000018 seconds.
  path: Assets/_DesertKits64_Sample/Prefabs/Desert_Column_TopRuined.prefab
  artifactKey: Guid(d6238962ede8add4b877e688a0620c24) Importer(815301076,1909f56bfc062723c751e8b465ee728b)
Start importing Assets/_DesertKits64_Sample/Prefabs/Desert_Column_TopRuined.prefab using Guid(d6238962ede8add4b877e688a0620c24) Importer(815301076,1909f56bfc062723c751e8b465ee728b) (PreviewImporter) -> (artifact id: 'a4b03fe389613f92b29f9f0ce5a7207b') in 0.0189666 seconds
Number of updated asset objects reloaded before import = 0Number of asset objects unloaded after import = 10

========================================================================
Received Import Request.
  Time since last request: 0.000017 seconds.
  path: Assets/_DesertKits64_Sample/Prefabs/Desert_Column_Single.prefab
  artifactKey: Guid(ce2146ce387403f49849aab35d406dbd) Importer(815301076,1909f56bfc062723c751e8b465ee728b)
Start importing Assets/_DesertKits64_Sample/Prefabs/Desert_Column_Single.prefab using Guid(ce2146ce387403f49849aab35d406dbd) Importer(815301076,1909f56bfc062723c751e8b465ee728b) (PreviewImporter) -> (artifact id: '8730b7379e87f5dac5c9948beeb4941a') in 0.0194174 seconds
Number of updated asset objects reloaded before import = 0Number of asset objects unloaded after import = 10

========================================================================
Received Import Request.
  Time since last request: 0.000024 seconds.
  path: Assets/_DesertKits64_Sample/Prefabs/Desert_Temple_Entrance.prefab
  artifactKey: Guid(2f11a19ee587ed44ca4a72f6d3986f99) Importer(815301076,1909f56bfc062723c751e8b465ee728b)
Start importing Assets/_DesertKits64_Sample/Prefabs/Desert_Temple_Entrance.prefab using Guid(2f11a19ee587ed44ca4a72f6d3986f99) Importer(815301076,1909f56bfc062723c751e8b465ee728b) (PreviewImporter) -> (artifact id: '56dfc478e968c2465acda6fd9f88250e') in 0.0190087 seconds
Number of updated asset objects reloaded before import = 0Number of asset objects unloaded after import = 10

========================================================================
Received Import Request.
  Time since last request: 0.000029 seconds.
  path: Assets/_DesertKits64_Sample/Prefabs/Desert_Obelisk_Stand.prefab
  artifactKey: Guid(09c2ce84a75b3324fb5c689e5ac6ce7e) Importer(815301076,1909f56bfc062723c751e8b465ee728b)
Start importing Assets/_DesertKits64_Sample/Prefabs/Desert_Obelisk_Stand.prefab using Guid(09c2ce84a75b3324fb5c689e5ac6ce7e) Importer(815301076,1909f56bfc062723c751e8b465ee728b) (PreviewImporter) -> (artifact id: 'bf5882f6206273510087709416e7cc41') in 0.0181752 seconds
Number of updated asset objects reloaded before import = 0Number of asset objects unloaded after import = 10

========================================================================
Received Import Request.
  Time since last request: 0.000020 seconds.
  path: Assets/_DesertKits64_Sample/Prefabs/StoneGroup_Medium.prefab
  artifactKey: Guid(6e659ebd79ad8c5408cd18c2a0e534eb) Importer(815301076,1909f56bfc062723c751e8b465ee728b)
Start importing Assets/_DesertKits64_Sample/Prefabs/StoneGroup_Medium.prefab using Guid(6e659ebd79ad8c5408cd18c2a0e534eb) Importer(815301076,1909f56bfc062723c751e8b465ee728b) (PreviewImporter) -> (artifact id: '1457c138653c60e37181aa9b3b9c2e88') in 0.0508318 seconds
Number of updated asset objects reloaded before import = 0Number of asset objects unloaded after import = 10

========================================================================
Received Import Request.
  Time since last request: 0.000025 seconds.
  path: Assets/_DesertKits64_Sample/Prefabs/Desert_Pyramid_Small.prefab
  artifactKey: Guid(a41a0379b3d57cd47984f898fd2c7059) Importer(815301076,1909f56bfc062723c751e8b465ee728b)
Start importing Assets/_DesertKits64_Sample/Prefabs/Desert_Pyramid_Small.prefab using Guid(a41a0379b3d57cd47984f898fd2c7059) Importer(815301076,1909f56bfc062723c751e8b465ee728b) (PreviewImporter) -> (artifact id: 'd76d25d3831cb3191140a44811e6ce89') in 0.0211357 seconds
Number of updated asset objects reloaded before import = 0Number of asset objects unloaded after import = 10

